// Jest Snapshot v1, https://goo.gl/fbAQLP

exports[`Product Card Must Return Product Card 1`] = `
<DocumentFragment>
  <div
    class="card"
  >
    <img
      alt="Product Image"
      class="card-img"
      src="https://assets.ajio.com/medias/sys_master/root/hb7/h8b/15083561943070/-473Wx593H-460422382-black-MODEL.jpg"
    />
    <div
      class="card-body"
    >
      <div
        class="card-title"
      >
        Project Title
      </div>
      <p
        class="card-text"
      >
        $1000
      </p>
    </div>
  </div>
</DocumentFragment>
`;
