// Jest Snapshot v1, https://goo.gl/fbAQLP

exports[`Card Body Must Return Card Body 1`] = `
<DocumentFragment>
  <div
    class="card-body"
  >
    <div
      class="card-title"
    >
      Project Title
    </div>
    <p
      class="card-text"
    >
      $1000
    </p>
  </div>
</DocumentFragment>
`;
