// Jest Snapshot v1, https://goo.gl/fbAQLP

exports[`CartItemListContainer Component Must return column 1`] = `
<DocumentFragment>
  <div
    class="container"
  >
    <div
      class="row_style row"
    >
      <div
        class="col_one col-3 col-sm-3 col-md-3 col-lg-3 col-xl-3"
      >
        <img
          alt="Product Image"
          class="img_fluid img_style card-img"
          src="https://assets.ajio.com/medias/sys_master/root/hb7/h8b/15083561943070/-473Wx593H-460422382-black-MODEL.jpg"
        />
      </div>
      <div
        class="col_two col"
      >
        <div
          class="card-title"
        >
          Football
        </div>
        <p
          class="card-text"
        >
          Price : $ 49.99
        </p>
        <p
          class="card-text"
        >
          Quantity : $ 49.99
        </p>
      </div>
      <div
        class="col_three col"
      >
        <button
          class="btn btn-secondary"
        >
          X
        </button>
      </div>
    </div>
    <div
      class="row_style row"
    >
      <div
        class="col_one col-3 col-sm-3 col-md-3 col-lg-3 col-xl-3"
      >
        <img
          alt="Product Image"
          class="img_fluid img_style card-img"
          src="https://assets.ajio.com/medias/sys_master/root/hb7/h8b/15083561943070/-473Wx593H-460422382-black-MODEL.jpg"
        />
      </div>
      <div
        class="col_two col"
      >
        <div
          class="card-title"
        >
          Baseball
        </div>
        <p
          class="card-text"
        >
          Price : $ 9.99
        </p>
        <p
          class="card-text"
        >
          Quantity : $ 9.99
        </p>
      </div>
      <div
        class="col_three col"
      >
        <button
          class="btn btn-secondary"
        >
          X
        </button>
      </div>
    </div>
    <div
      class="row_style row"
    >
      <div
        class="col_one col-3 col-sm-3 col-md-3 col-lg-3 col-xl-3"
      >
        <img
          alt="Product Image"
          class="img_fluid img_style card-img"
          src="https://assets.ajio.com/medias/sys_master/root/hb7/h8b/15083561943070/-473Wx593H-460422382-black-MODEL.jpg"
        />
      </div>
      <div
        class="col_two col"
      >
        <div
          class="card-title"
        >
          Basketball
        </div>
        <p
          class="card-text"
        >
          Price : $ 29.99
        </p>
        <p
          class="card-text"
        >
          Quantity : $ 29.99
        </p>
      </div>
      <div
        class="col_three col"
      >
        <button
          class="btn btn-secondary"
        >
          X
        </button>
      </div>
    </div>
    <div
      class="row_style row"
    >
      <div
        class="col_one col-3 col-sm-3 col-md-3 col-lg-3 col-xl-3"
      >
        <img
          alt="Product Image"
          class="img_fluid img_style card-img"
          src="https://assets.ajio.com/medias/sys_master/root/hb7/h8b/15083561943070/-473Wx593H-460422382-black-MODEL.jpg"
        />
      </div>
      <div
        class="col_two col"
      >
        <div
          class="card-title"
        >
          iPod Touch
        </div>
        <p
          class="card-text"
        >
          Price : $ 99.99
        </p>
        <p
          class="card-text"
        >
          Quantity : $ 99.99
        </p>
      </div>
      <div
        class="col_three col"
      >
        <button
          class="btn btn-secondary"
        >
          X
        </button>
      </div>
    </div>
    <div
      class="row_style row"
    >
      <div
        class="col_one col-3 col-sm-3 col-md-3 col-lg-3 col-xl-3"
      >
        <img
          alt="Product Image"
          class="img_fluid img_style card-img"
          src="https://assets.ajio.com/medias/sys_master/root/hb7/h8b/15083561943070/-473Wx593H-460422382-black-MODEL.jpg"
        />
      </div>
      <div
        class="col_two col"
      >
        <div
          class="card-title"
        >
          iPhone 5
        </div>
        <p
          class="card-text"
        >
          Price : $ 399.99
        </p>
        <p
          class="card-text"
        >
          Quantity : $ 399.99
        </p>
      </div>
      <div
        class="col_three col"
      >
        <button
          class="btn btn-secondary"
        >
          X
        </button>
      </div>
    </div>
  </div>
</DocumentFragment>
`;
