// Jest Snapshot v1, https://goo.gl/fbAQLP

exports[`ButtonWrapper Component Must return ButtonWrapper Component 1`] = `
<DocumentFragment>
  <button
    class="btn btn-secondary"
  />
</DocumentFragment>
`;
