// Jest Snapshot v1, https://goo.gl/fbAQLP

exports[`CartHeader Component Must return cart header 1`] = `
<DocumentFragment>
  <div
    class="header"
  >
    <h1>
      Cart Items
    </h1>
  </div>
</DocumentFragment>
`;
