// Jest Snapshot v1, https://goo.gl/fbAQLP

exports[`ColumnWrapper Component Must return column 1`] = `
<DocumentFragment>
  <div
    class="col"
  />
</DocumentFragment>
`;
