// Jest Snapshot v1, https://goo.gl/fbAQLP

exports[`DropdownMenu Component Must return Dropdown Menu 1`] = `
<DocumentFragment>
  <div
    aria-hidden="true"
    class="dropdown-menu dropdown-menu-right"
    role="menu"
    tabindex="-1"
  >
    <button
      class="dropdown-item"
      role="menuitem"
      tabindex="0"
      type="button"
    >
      Profile
    </button>
    <div
      class="dropdown-divider"
      tabindex="-1"
    />
    <button
      class="dropdown-item"
      role="menuitem"
      tabindex="0"
      type="button"
    >
      Logout
    </button>
    <div
      class="dropdown-divider"
      tabindex="-1"
    />
  </div>
</DocumentFragment>
`;
