// Jest Snapshot v1, https://goo.gl/fbAQLP

exports[`FormTextField Component Must return FormTextField Component 1`] = `
<DocumentFragment>
  <div
    class="form-group"
  >
    <label
      class=""
      for="exampleFirstName"
    >
      First Name
    </label>
    <input
      class="form-control"
      name="firstname"
      placeholder="John"
      type="firstname"
      value=""
    />
    <div
      class="invalid-feedback"
    />
  </div>
  <div
    class="form-group"
  >
    <label
      class=""
      for="exampleLastName"
    >
      Last Name
    </label>
    <input
      class="form-control"
      name="lastname"
      placeholder="Doe"
      type="lastname"
      value=""
    />
    <div
      class="invalid-feedback"
    />
  </div>
  <div
    class="form-group"
  >
    <label
      class=""
      for="exampleCountry"
    >
      Country
    </label>
    <input
      class="form-control"
      name="country"
      placeholder=""
      type="country"
      value=""
    />
    <div
      class="invalid-feedback"
    />
  </div>
  <div
    class="form-group"
  >
    <label
      class=""
      for="exampleState"
    >
      State
    </label>
    <input
      class="form-control"
      name="state"
      placeholder=""
      type="state"
      value=""
    />
    <div
      class="invalid-feedback"
    />
  </div>
  <div
    class="form-group"
  >
    <label
      class=""
      for="exampleCity"
    >
      City
    </label>
    <input
      class="form-control"
      name="city"
      placeholder=""
      type="city"
      value=""
    />
    <div
      class="invalid-feedback"
    />
  </div>
  <div
    class="form-group"
  >
    <label
      class=""
      for="exampleAddress"
    >
      Address
    </label>
    <input
      class="form-control"
      name="address"
      placeholder=""
      type="address"
      value=""
    />
    <div
      class="invalid-feedback"
    />
  </div>
</DocumentFragment>
`;
