// Jest Snapshot v1, https://goo.gl/fbAQLP

exports[`FormPasswordField  Component Must return FormPasswordField  Component 1`] = `
<DocumentFragment>
  <div
    class="form-group"
  >
    <label
      class=""
      for="examplePassword"
    >
      Password
    </label>
    <input
      aria-invalid="true"
      class="is-invalid form-control"
      name="password"
      placeholder="password"
      type="password"
      value=""
    />
    <div
      class="invalid-feedback"
    />
  </div>
</DocumentFragment>
`;
