// Jest Snapshot v1, https://goo.gl/fbAQLP

exports[`FormLabel Component Must return FormLabel Component 1`] = `
<DocumentFragment>
  <label
    class=""
  />
</DocumentFragment>
`;
