// Jest Snapshot v1, https://goo.gl/fbAQLP

exports[`FormCardComponent Must return FormCardComponent 1`] = `
<DocumentFragment>
  <div
    class="card"
  >
    <h3>
      hello world
    </h3>
  </div>
</DocumentFragment>
`;
