// Jest Snapshot v1, https://goo.gl/fbAQLP

exports[`Image Component Must return Image 1`] = `
<DocumentFragment>
  <img
    alt="img"
    class="rounded"
    src="https://cdn.pixabay.com/photo/2015/10/05/22/37/blank-profile-picture-973460_1280.png"
    style="width: 50px;"
  />
</DocumentFragment>
`;
