// Jest Snapshot v1, https://goo.gl/fbAQLP

exports[`ListComponent  Must return entire Listcontainer 1`] = `
<DocumentFragment>
  <li
    class="rounded-sm"
  />
</DocumentFragment>
`;
