// Jest Snapshot v1, https://goo.gl/fbAQLP

exports[`NavbarToggler Component Must return Dropdown Item 1`] = `
<DocumentFragment>
  <button
    aria-label="Toggle navigation"
    class="navbar-toggler"
    type="button"
  >
    <span
      class="navbar-toggler-icon"
    />
  </button>
</DocumentFragment>
`;
