// Jest Snapshot v1, https://goo.gl/fbAQLP

exports[`RegistrationComponent Must return RegistrationComponent 1`] = `
<DocumentFragment>
  <div
    class="pt-3 text-center h-100 container"
  >
    <div
      class="row"
    >
      <div
        class="col-sm-6 offset-sm-3"
      >
        <div
          class="card"
        >
          <div
            class="card-body"
          >
            <h3>
              Register
            </h3>
            <hr />
            <form
              class=""
            >
              <div
                class="form-group"
              >
                <label
                  class=""
                  for="exampleEmail"
                >
                  Email
                </label>
                <input
                  aria-invalid="true"
                  class="is-invalid form-control"
                  name="email"
                  placeholder="example@company.com"
                  type="email"
                  value=""
                />
                <div
                  class="invalid-feedback"
                />
              </div>
              <div
                class="form-group"
              >
                <label
                  class=""
                  for="examplePassword"
                >
                  Password
                </label>
                <input
                  aria-invalid="true"
                  class="is-invalid form-control"
                  name="password"
                  placeholder="password"
                  type="password"
                  value=""
                />
                <div
                  class="invalid-feedback"
                />
              </div>
              <div
                class="form-group"
              >
                <label
                  class=""
                  for="exampleFirstName"
                >
                  First Name
                </label>
                <input
                  aria-invalid="true"
                  class="is-invalid form-control"
                  name="firstname"
                  placeholder="John"
                  type="firstname"
                  value=""
                />
                <div
                  class="invalid-feedback"
                />
              </div>
              <div
                class="form-group"
              >
                <label
                  class=""
                  for="exampleLastName"
                >
                  Last Name
                </label>
                <input
                  aria-invalid="true"
                  class="is-invalid form-control"
                  name="lastname"
                  placeholder="Doe"
                  type="lastname"
                  value=""
                />
                <div
                  class="invalid-feedback"
                />
              </div>
              <div
                class="form-group"
              >
                <label
                  class=""
                  for="exampleCountry"
                >
                  Country
                </label>
                <input
                  aria-invalid="true"
                  class="is-invalid form-control"
                  name="country"
                  placeholder=""
                  type="country"
                  value=""
                />
                <div
                  class="invalid-feedback"
                />
              </div>
              <div
                class="form-group"
              >
                <label
                  class=""
                  for="exampleState"
                >
                  State
                </label>
                <input
                  aria-invalid="true"
                  class="is-invalid form-control"
                  name="state"
                  placeholder=""
                  type="state"
                  value=""
                />
                <div
                  class="invalid-feedback"
                />
              </div>
              <div
                class="form-group"
              >
                <label
                  class=""
                  for="exampleCity"
                >
                  City
                </label>
                <input
                  aria-invalid="true"
                  class="is-invalid form-control"
                  name="city"
                  placeholder=""
                  type="city"
                  value=""
                />
                <div
                  class="invalid-feedback"
                />
              </div>
              <div
                class="form-group"
              >
                <label
                  class=""
                  for="exampleAddress"
                >
                  Address
                </label>
                <input
                  aria-invalid="true"
                  class="is-invalid form-control"
                  name="address"
                  placeholder=""
                  type="address"
                  value=""
                />
                <div
                  class="invalid-feedback"
                />
              </div>
              <button
                class="btn btn-secondary"
                type="button"
              >
                Submit
              </button>
            </form>
            <h6>
              <br />
              Already registered? login
            </h6>
          </div>
        </div>
      </div>
    </div>
  </div>
</DocumentFragment>
`;
