// Jest Snapshot v1, https://goo.gl/fbAQLP

exports[`RowWrapper Component Must return row 1`] = `
<DocumentFragment>
  <div
    class="row"
  />
</DocumentFragment>
`;
