// Jest Snapshot v1, https://goo.gl/fbAQLP

exports[`UlComponent  Must return entire UnorderdListcontainer 1`] = `
<DocumentFragment>
  <ul
    class="list-inline"
  />
</DocumentFragment>
`;
